[www.thesixdots.com/index.html]
[backblue.gif]
[fade.gif]
[index.html]
[www.thesixdots.com/assets/bootstrap/css/bootstrap.min.css]
[www.thesixdots.com/assets/fonts/font-awesome.min.css]
[www.thesixdots.com/assets/fonts/fontawesome-all.min.css]
[www.thesixdots.com/assets/fonts/material-icons.min.css]
[www.thesixdots.com/assets/fonts/fontawesome5-overrides.min.css]
[www.thesixdots.com/assets/css/404-NOT-FOUND-animated.css]
[www.thesixdots.com/assets/css/animated-services.css]
[www.thesixdots.com/assets/css/Features-Clean.css]
[www.thesixdots.com/assets/css/Full-Height-Hero.css]
[cdnjs.cloudflare.com/ajax/libs/animate.css/3.5.2/animate.min.css]
[cdnjs.cloudflare.com/ajax/libs/aos/2.3.4/aos.css]
[www.thesixdots.com/assets/css/responsive-blog-card-slider.css]
[www.thesixdots.com/assets/css/Social-Icons.css]
[www.thesixdots.com/assets/css/Swiper-Slider-Card-For-Blog-Or-Product-1.css]
[www.thesixdots.com/assets/css/Swiper-Slider-Card-For-Blog-Or-Product.css]
[www.thesixdots.com/assets/css/Team-Clean.css]
[www.thesixdots.com/assets/css/Testimonials.css]
[www.thesixdots.com/assets/css/Ultimate-Testimonial-Slider.css]
[www.thesixdots.com/assets/css/untitled.css]
[www.thesixdots.com/assets/img/digital-6-DLogo-NEW.png]
[www.thesixdots.com/assets/img/dot.png]
[www.thesixdots.com/services/software-development.html]
[www.thesixdots.com/services/web-and-mobile.html]
[www.thesixdots.com/services/digital-marketing.html]
[www.thesixdots.com/services/graphic-design.html]
[www.thesixdots.com/services/logo-merchandising.html]
[www.thesixdots.com/services/advisory-and-consultancy.html]
[www.thesixdots.com/assets/img/digital-6-DLogo-NEW-B&W-DOTS.png]
[unpkg.com/@lottiefiles/lottie-player@latest/dist/lottie-player.25.delayed]
[unpkg.com/@lottiefiles/lottie-player@1.5.7/dist/lottie-player.js]
[www.thesixdots.com/assets/js/jquery.min.js]
[www.thesixdots.com/assets/bootstrap/js/bootstrap.min.js]
[www.thesixdots.com/assets/js/smart-forms.min.js]
[www.thesixdots.com/assets/js/bs-init.js]
[cdnjs.cloudflare.com/ajax/libs/aos/2.3.4/aos.js]
[www.thesixdots.com/assets/js/Clients.js]
[cdnjs.cloudflare.com/ajax/libs/jquery-easing/1.4.1/jquery.easing.min.js]
[cdnjs.cloudflare.com/ajax/libs/parallax/3.1.0/parallax.min.js]
[www.thesixdots.com/assets/js/new-age.js]
[www.thesixdots.com/assets/js/responsive-blog-card-slider.js]
[www.thesixdots.com/index.html]
[www.thesixdots.com/assets/bootstrap/css/bootstrap.min.css]
[www.thesixdots.com/assets/js/responsive-blog-card-slider-1.js]
[www.thesixdots.com/assets/fonts/fa-brands-400.eot]
[www.thesixdots.com/assets/fonts/fa-brands-400.woff2]
[www.thesixdots.com/assets/fonts/fa-brands-400.woff]
[www.thesixdots.com/assets/js/Swiper-Slider-Card-For-Blog-Or-Product.js]
[www.thesixdots.com/assets/fonts/fa-brands-400d41d.eot]
[www.thesixdots.com/assets/fonts/fontawesome-all.min.css]
[www.thesixdots.com/assets/fonts/font-awesome.min.css]
[www.thesixdots.com/assets/fonts/material-icons.min.css]
[www.thesixdots.com/assets/fonts/fontawesome5-overrides.min.css]
[www.thesixdots.com/assets/css/404-NOT-FOUND-animated.css]
[www.thesixdots.com/assets/css/animated-services.css]
[www.thesixdots.com/assets/css/Features-Clean.css]
[www.thesixdots.com/assets/css/Full-Height-Hero.css]
[cdnjs.cloudflare.com/ajax/libs/animate.css/3.5.2/animate.min.css]
[cdnjs.cloudflare.com/ajax/libs/aos/2.3.4/aos.css]
[www.thesixdots.com/assets/css/responsive-blog-card-slider.css]
[www.thesixdots.com/assets/css/Social-Icons.css]
[www.thesixdots.com/assets/css/Swiper-Slider-Card-For-Blog-Or-Product-1.css]
[www.thesixdots.com/assets/css/Swiper-Slider-Card-For-Blog-Or-Product.css]
[www.thesixdots.com/assets/css/Team-Clean.css]
[www.thesixdots.com/assets/css/Testimonials.css]
[www.thesixdots.com/assets/css/Ultimate-Testimonial-Slider.css]
[www.thesixdots.com/assets/css/untitled-1.css]
[www.thesixdots.com/assets/css/untitled-2.css]
[www.thesixdots.com/assets/css/untitled.css]
[www.thesixdots.com/transparent.html]
[www.thesixdots.com/assets/img/blob-haikei.svg]
[www.thesixdots.com/assets/img/stacked-peaks-haikei.svg]
[www.thesixdots.com/assets/img/stacked-waves-haikei.svg]
[www.thesixdots.com/services/software-development.html]
[www.thesixdots.com/services/web-and-mobile.html]
[www.thesixdots.com/services/digital-marketing.html]
[www.thesixdots.com/services/graphic-design.html]
[www.thesixdots.com/services/logo-merchandising.html]
[www.thesixdots.com/services/advisory-and-consultancy.html]
[www.thesixdots.com/assets/img/wave-top.svg]
[www.thesixdots.com/assets/img/wave-bottom.svg]
[www.thesixdots.com/assets/css/Modern-Contact-Form.css]
[www.thesixdots.com/assets/fonts/fa-brands-400d41d.eot]
[www.thesixdots.com/assets/fonts/fa-brands-400.ttf]
[www.thesixdots.com/assets/fonts/fa-brands-400.svg]
[www.thesixdots.com/assets/fonts/fa-regular-400.eot]
[www.thesixdots.com/assets/fonts/fa-regular-400d41d.eot]
[www.thesixdots.com/assets/fonts/fa-regular-400.woff2]
[www.thesixdots.com/assets/fonts/fa-regular-400.woff]
[www.thesixdots.com/assets/fonts/fa-regular-400.ttf]
[www.thesixdots.com/assets/fonts/fa-regular-400.svg]
[www.thesixdots.com/assets/fonts/fa-solid-900.eot]
[www.thesixdots.com/assets/fonts/fa-solid-900d41d.eot]
[www.thesixdots.com/assets/fonts/fa-solid-900.woff2]
[www.thesixdots.com/assets/fonts/fa-solid-900.woff]
[www.thesixdots.com/assets/fonts/fa-solid-900.ttf]
[www.thesixdots.com/assets/fonts/fa-solid-900.svg]
[www.thesixdots.com/assets/fonts/fontawesome-webfont3e6e.eot]
[www.thesixdots.com/assets/fonts/fontawesome-webfontd41d.eot]
[www.thesixdots.com/assets/fonts/fontawesome-webfont3e6e.woff2]
[www.thesixdots.com/assets/fonts/fontawesome-webfont3e6e.woff]
[www.thesixdots.com/assets/fonts/fontawesome-webfont3e6e.ttf]
[www.thesixdots.com/assets/fonts/fontawesome-webfont3e6e.svg]
[www.thesixdots.com/assets/fonts/MaterialIcons-Regular.eot]
[www.thesixdots.com/assets/fonts/MaterialIcons-Regular.woff2]
[www.thesixdots.com/assets/fonts/MaterialIcons-Regular.woff]
[www.thesixdots.com/assets/fonts/MaterialIcons-Regular.ttf]
[www.thesixdots.com/assets/img/mobile.jpg]
[www.thesixdots.com/assets/img/marketing.jpg]
[www.thesixdots.com/assets/img/graphic.jpg]
[www.thesixdots.com/assets/img/promo.jpg]
[www.thesixdots.com/assets/img/consulting.jpg]
[www.thesixdots.com/assets/img/software.jpg]
[www.thesixdots.com/assets/css/[svg]]
[www.thesixdots.com/assets/img/checked.svg]
[www.thesixdots.com/assets/img/software.svg]
[www.thesixdots.com/assets/img/maintenance.svg]
[www.thesixdots.com/assets/img/support.svg]
[www.thesixdots.com/assets/img/bullhorn.svg]
[www.thesixdots.com/assets/img/facebook.svg]
[www.thesixdots.com/assets/img/instagram.svg]
[www.thesixdots.com/assets/img/logo-design.svg]
[www.thesixdots.com/assets/img/illustration.svg]
[www.thesixdots.com/assets/img/video-editor.svg]
[www.thesixdots.com/assets/img/merchandise.svg]
[www.thesixdots.com/assets/img/advise.svg]
